\BOOKMARK [1][-]{section.1}{\376\377\137\025\212\000}{}% 1
\BOOKMARK [1][-]{section.2}{\376\377\145\271\154\325\200\314\146\157\116\016\170\024\172\166\225\356\230\230}{}% 2
\BOOKMARK [2][-]{subsection.2.1}{\376\377\000G\000R\000P\000O\000\040\166\204\127\372\147\054\140\035\140\363}{section.2}% 3
\BOOKMARK [2][-]{subsection.2.2}{\376\377\116\072\116\300\116\110\116\015\200\375\123\352\167\013\147\000\176\310\153\143\170\156\163\207}{section.2}% 4
\BOOKMARK [2][-]{subsection.2.3}{\376\377\170\024\172\166\225\356\230\230\116\016\150\070\137\303\120\107\213\276}{section.2}% 5
\BOOKMARK [1][-]{section.3}{\376\377\133\236\232\214\213\276\213\241}{}% 6
\BOOKMARK [2][-]{subsection.3.1}{\376\377\152\041\127\213\060\001\145\160\143\156\116\016\140\073\117\123\155\101\172\013}{section.3}% 7
\BOOKMARK [2][-]{subsection.3.2}{\376\377\153\143\137\017\133\236\232\214\167\351\226\065}{section.3}% 8
\BOOKMARK [2][-]{subsection.3.3}{\376\377\213\255\176\303\116\016\213\304\117\060\123\343\137\204}{section.3}% 9
\BOOKMARK [2][-]{subsection.3.4}{\376\377\123\206\123\362\230\204\133\236\232\214\117\134\116\072\121\110\232\214\213\301\143\156}{section.3}% 10
\BOOKMARK [1][-]{section.4}{\376\377\116\073\176\323\147\234\377\032\0001\000-\000s\000h\000o\000t\000\040\000G\000R\000P\000O\000\040\146\057\124\046\147\011\145\110}{}% 11
\BOOKMARK [2][-]{subsection.4.1}{\376\377\140\073\117\123\215\213\122\277\377\032\000B\000a\000s\000e\000\040\145\066\166\312\146\076\204\127\377\014\000I\000n\000s\000t\000r\000u\000c\000t\000\040\145\066\166\312\147\011\226\120}{section.4}% 12
\BOOKMARK [2][-]{subsection.4.2}{\376\377\000B\000a\000s\000e\000\040\152\041\127\213\377\032\145\066\166\312\131\047\116\024\121\167\147\011\116\000\201\364\140\047}{section.4}% 13
\BOOKMARK [2][-]{subsection.4.3}{\376\377\000I\000n\000s\000t\000r\000u\000c\000t\000\040\152\041\127\213\377\032\232\330\215\167\160\271\116\016\134\017\130\236\166\312}{section.4}% 14
\BOOKMARK [2][-]{subsection.4.4}{\376\377\147\000\117\163\000\040\000s\000t\000e\000p\000\040\116\016\147\000\176\310\000\040\000s\000t\000e\000p\000\040\116\015\133\214\121\150\116\000\201\364}{section.4}% 15
\BOOKMARK [1][-]{section.5}{\376\377\210\114\116\072\147\072\122\066\122\006\147\220\377\032\213\255\176\303\172\166\172\337\145\071\116\206\116\300\116\110}{}% 16
\BOOKMARK [2][-]{subsection.5.1}{\376\377\000B\000a\000s\000e\000\040\152\041\127\213\166\204\145\066\177\051\116\016\172\063\133\232\123\026}{section.5}% 17
\BOOKMARK [2][-]{subsection.5.2}{\376\377\122\250\140\001\176\337\213\241\217\333\116\000\153\145\137\072\123\026\116\206\116\012\217\360\122\044\145\255}{section.5}% 18
\BOOKMARK [2][-]{subsection.5.3}{\376\377\137\061\176\246\147\137\162\110\147\054\166\204\124\057\171\072}{section.5}% 19
\BOOKMARK [2][-]{subsection.5.4}{\376\377\000I\000n\000s\000t\000r\000u\000c\000t\000\040\152\041\127\213\116\073\211\201\146\057\134\100\220\350\137\256\214\003}{section.5}% 20
\BOOKMARK [1][-]{section.6}{\376\377\000T\000o\000k\000e\000n\000\040\176\247\210\145\121\105\213\301\143\156}{}% 21
\BOOKMARK [2][-]{subsection.6.1}{\376\377\210\145\121\105\147\120\145\231\166\204\123\343\137\204\116\016\217\271\165\114}{section.6}% 22
\BOOKMARK [2][-]{subsection.6.2}{\376\377\166\364\143\245\211\302\133\337\377\032\000B\000a\000s\000e\000\040\123\330\123\026\131\047\377\014\000I\000n\000s\000t\000r\000u\000c\000t\000\040\123\330\123\026\134\017}{section.6}% 23
\BOOKMARK [2][-]{subsection.6.3}{\376\377\116\016\137\123\122\115\153\143\137\017\133\236\232\214\176\323\213\272\166\204\210\124\143\245}{section.6}% 24
\BOOKMARK [2][-]{subsection.6.4}{\376\377\122\115\177\000\122\006\136\003\131\202\117\125\210\253\221\315\145\260\176\304\176\307}{section.6}% 25
\BOOKMARK [2][-]{subsection.6.5}{\376\377\116\316\000\040\000s\000t\000e\000p\000\040\0000\000\040\122\060\000\040\000f\000i\000n\000a\000l\377\032\134\100\220\350\000\040\000t\000o\000k\000e\000n\000\040\122\006\136\003\122\060\136\225\145\066\177\051\116\206\131\032\134\021}{section.6}% 26
\BOOKMARK [2][-]{subsection.6.6}{\376\377\153\143\170\156\116\016\225\031\213\357\124\315\136\224\166\204\122\006\136\003\135\356\137\002\116\072\116\300\116\110\221\315\211\201}{section.6}% 27
\BOOKMARK [1][-]{section.7}{\376\377\155\210\207\215\116\016\116\045\150\074\143\247\122\066\133\236\232\214\122\006\147\220}{}% 28
\BOOKMARK [2][-]{subsection.7.1}{\376\377\000n\000=\0001\000\040\134\017\176\304\211\304\152\041\155\210\207\215\166\204\211\343\221\312\217\271\165\114}{section.7}% 29
\BOOKMARK [2][-]{subsection.7.2}{\376\377\116\045\150\074\170\064\127\117\140\047\131\126\122\261\143\247\122\066\133\236\232\214\166\204\211\343\221\312\141\017\116\111}{section.7}% 30
\BOOKMARK [1][-]{section.8}{\376\377\213\255\176\303\122\250\140\001\166\204\226\066\153\265\140\047\122\006\211\343}{}% 31
\BOOKMARK [2][-]{subsection.8.1}{\376\377\145\066\166\312\116\073\211\201\123\321\165\037\127\050\116\300\116\110\226\066\153\265}{section.8}% 32
\BOOKMARK [2][-]{subsection.8.2}{\376\377\116\072\116\300\116\110\000\040\000b\000e\000s\000t\000\040\000c\000h\000e\000c\000k\000p\000o\000i\000n\000t\000\040\124\214\000\040\000f\000i\000n\000a\000l\000\040\000c\000h\000e\000c\000k\000p\000o\000i\000n\000t\000\040\116\015\200\375\155\367\116\072\116\000\214\010}{section.8}% 33
\BOOKMARK [2][-]{subsection.8.3}{\376\377\176\310\160\271\210\114\116\072\143\222\136\217\131\202\117\125\210\145\137\072\116\073\123\331\116\213}{section.8}% 34
\BOOKMARK [1][-]{section.9}{\376\377\131\032\143\007\150\007\116\113\225\364\166\204\200\046\124\010\121\163\174\373}{}% 35
\BOOKMARK [2][-]{subsection.9.1}{\376\377\145\066\166\312\143\320\123\107\146\057\124\046\167\037\166\204\116\016\150\041\121\306\221\317\124\014\153\145}{section.9}% 36
\BOOKMARK [2][-]{subsection.9.2}{\376\377\176\310\160\271\140\047\200\375\116\016\176\310\160\271\172\063\133\232\140\047\146\057\124\046\137\142\142\020\121\161\124\014\122\115\154\277}{section.9}% 37
\BOOKMARK [2][-]{subsection.9.3}{\376\377\116\072\116\300\116\110\217\331\176\304\126\376\133\371\153\143\145\207\146\057\137\305\211\201\166\204}{section.9}% 38
\BOOKMARK [1][-]{section.10}{\376\377\213\250\213\272\116\016\134\100\226\120\140\047}{}% 39
\BOOKMARK [2][-]{subsection.10.1}{\376\377\137\123\122\115\147\000\137\072\166\204\213\301\143\156\146\057\116\300\116\110}{section.10}% 40
\BOOKMARK [2][-]{subsection.10.2}{\376\377\137\123\122\115\147\000\137\061\166\204\127\060\145\271\146\057\116\300\116\110}{section.10}% 41
\BOOKMARK [2][-]{subsection.10.3}{\376\377\133\371\124\016\176\355\135\345\117\134\166\204\166\364\143\245\136\372\213\256}{section.10}% 42
\BOOKMARK [2][-]{subsection.10.4}{\376\377\137\123\122\115\213\301\143\156\224\376\166\204\153\143\137\017\154\107\140\073}{section.10}% 43
\BOOKMARK [1][-]{section.11}{\376\377\176\323\213\272}{}% 44
\BOOKMARK [1][-]{appendix.A}{\376\377\226\104\137\125\377\032\210\145\121\105\213\250\213\272}{}% 45
\BOOKMARK [1][-]{appendix.B}{\376\377\226\104\137\125\377\032\210\145\121\105\126\376}{}% 46
